// Jest Snapshot v1, https://goo.gl/fbAQLP

exports[`should render ExpenseListItem correctly 1`] = `
<div>
  <Link
    replace={false}
    to="/edit/1"
  >
    <h3>
      Hector
    </h3>
  </Link>
  <p>
    $19.50
    -
    1st January, 1970
  </p>
</div>
`;
