// Jest Snapshot v1, https://goo.gl/fbAQLP

exports[`should correctly render LoginPage 1`] = `
<div
  className="login-layout"
>
  <div
    className="login-layout__box"
  >
    <h1
      className="login-layout__title"
    >
      Expensify
    </h1>
    <p>
      It's time to get your expenses under control.
    </p>
    <button
      className="button"
    >
      Login with Google
    </button>
  </div>
</div>
`;
